[2026-02-16T15:43:12.202+0000] {local_task_job_runner.py:123} INFO - ::group::Pre task execution logs
[2026-02-16T15:43:12.222+0000] {taskinstance.py:2613} INFO - Dependencies all met for dep_context=non-requeueable deps ti=<TaskInstance: weather_dbt_pipeline.dbt_run manual__2026-02-16T15:43:07.955267+00:00 [queued]>
[2026-02-16T15:43:12.231+0000] {taskinstance.py:2613} INFO - Dependencies all met for dep_context=requeueable deps ti=<TaskInstance: weather_dbt_pipeline.dbt_run manual__2026-02-16T15:43:07.955267+00:00 [queued]>
[2026-02-16T15:43:12.233+0000] {taskinstance.py:2866} INFO - Starting attempt 1 of 1
[2026-02-16T15:43:12.245+0000] {taskinstance.py:2889} INFO - Executing <Task(BashOperator): dbt_run> on 2026-02-16 15:43:07.955267+00:00
[2026-02-16T15:43:12.251+0000] {standard_task_runner.py:72} INFO - Started process 188 to run task
[2026-02-16T15:43:12.254+0000] {standard_task_runner.py:104} INFO - Running: ['***', 'tasks', 'run', 'weather_dbt_pipeline', 'dbt_run', 'manual__2026-02-16T15:43:07.955267+00:00', '--job-id', '4', '--raw', '--subdir', 'DAGS_FOLDER/weather_dbt_pipeline.py', '--cfg-path', '/tmp/tmpmrextuj1']
[2026-02-16T15:43:12.257+0000] {standard_task_runner.py:105} INFO - Job 4: Subtask dbt_run
[2026-02-16T15:43:12.338+0000] {task_command.py:467} INFO - Running <TaskInstance: weather_dbt_pipeline.dbt_run manual__2026-02-16T15:43:07.955267+00:00 [running]> on host 17829c02b908
[2026-02-16T15:43:12.407+0000] {taskinstance.py:3132} INFO - Exporting env vars: AIRFLOW_CTX_DAG_OWNER='***' AIRFLOW_CTX_DAG_ID='weather_dbt_pipeline' AIRFLOW_CTX_TASK_ID='dbt_run' AIRFLOW_CTX_EXECUTION_DATE='2026-02-16T15:43:07.955267+00:00' AIRFLOW_CTX_TRY_NUMBER='1' AIRFLOW_CTX_DAG_RUN_ID='manual__2026-02-16T15:43:07.955267+00:00'
[2026-02-16T15:43:12.408+0000] {taskinstance.py:731} INFO - ::endgroup::
[2026-02-16T15:43:12.420+0000] {subprocess.py:78} INFO - Tmp dir root location: /tmp
[2026-02-16T15:43:12.423+0000] {subprocess.py:88} INFO - Running command: ['/usr/bin/bash', '-c', '\n        cd $DBT_PROJECT_DIR &&         dbt run --profiles-dir $DBT_PROFILES_DIR\n        ']
[2026-02-16T15:43:12.431+0000] {subprocess.py:99} INFO - Output:
[2026-02-16T15:43:14.080+0000] {subprocess.py:106} INFO - [0m15:43:14  Running with dbt=1.10.7
[2026-02-16T15:43:14.271+0000] {subprocess.py:106} INFO - [0m15:43:14  Registered adapter: postgres=1.9.0
[2026-02-16T15:43:14.334+0000] {subprocess.py:106} INFO - [0m15:43:14  Unable to do partial parsing because saved manifest not found. Starting full parse.
[2026-02-16T15:43:15.663+0000] {subprocess.py:106} INFO - [0m15:43:15  Found 4 models, 2 data tests, 1 source, 435 macros
[2026-02-16T15:43:15.668+0000] {subprocess.py:106} INFO - [0m15:43:15
[2026-02-16T15:43:15.670+0000] {subprocess.py:106} INFO - [0m15:43:15  Concurrency: 1 threads (target='dev')
[2026-02-16T15:43:15.672+0000] {subprocess.py:106} INFO - [0m15:43:15
[2026-02-16T15:43:15.836+0000] {subprocess.py:106} INFO - [0m15:43:15  1 of 4 START sql view model silver.stg_weather ................................. [RUN]
[2026-02-16T15:43:16.023+0000] {subprocess.py:106} INFO - [0m15:43:16  1 of 4 OK created sql view model silver.stg_weather ............................ [[32mCREATE VIEW[0m in 0.18s]
[2026-02-16T15:43:16.031+0000] {subprocess.py:106} INFO - [0m15:43:16  2 of 4 START sql table model gold.dim_date ..................................... [RUN]
[2026-02-16T15:43:16.160+0000] {subprocess.py:106} INFO - [0m15:43:16  2 of 4 OK created sql table model gold.dim_date ................................ [[32mSELECT 14[0m in 0.13s]
[2026-02-16T15:43:16.165+0000] {subprocess.py:106} INFO - [0m15:43:16  3 of 4 START sql table model gold.dim_location ................................. [RUN]
[2026-02-16T15:43:16.252+0000] {subprocess.py:106} INFO - [0m15:43:16  3 of 4 OK created sql table model gold.dim_location ............................ [[32mSELECT 1[0m in 0.08s]
[2026-02-16T15:43:16.257+0000] {subprocess.py:106} INFO - [0m15:43:16  4 of 4 START sql table model gold.fct_weather_daily ............................ [RUN]
[2026-02-16T15:43:16.340+0000] {subprocess.py:106} INFO - [0m15:43:16  4 of 4 OK created sql table model gold.fct_weather_daily ....................... [[32mSELECT 14[0m in 0.08s]
[2026-02-16T15:43:16.368+0000] {subprocess.py:106} INFO - [0m15:43:16
[2026-02-16T15:43:16.370+0000] {subprocess.py:106} INFO - [0m15:43:16  Finished running 3 table models, 1 view model in 0 hours 0 minutes and 0.69 seconds (0.69s).
[2026-02-16T15:43:16.437+0000] {subprocess.py:106} INFO - [0m15:43:16
[2026-02-16T15:43:16.439+0000] {subprocess.py:106} INFO - [0m15:43:16  [32mCompleted successfully[0m
[2026-02-16T15:43:16.441+0000] {subprocess.py:106} INFO - [0m15:43:16
[2026-02-16T15:43:16.443+0000] {subprocess.py:106} INFO - [0m15:43:16  Done. PASS=4 WARN=0 ERROR=0 SKIP=0 NO-OP=0 TOTAL=4
[2026-02-16T15:43:18.197+0000] {subprocess.py:110} INFO - Command exited with return code 0
[2026-02-16T15:43:18.218+0000] {taskinstance.py:340} INFO - ::group::Post task execution logs
[2026-02-16T15:43:18.220+0000] {taskinstance.py:352} INFO - Marking task as SUCCESS. dag_id=weather_dbt_pipeline, task_id=dbt_run, run_id=manual__2026-02-16T15:43:07.955267+00:00, execution_date=20260216T154307, start_date=20260216T154312, end_date=20260216T154318
[2026-02-16T15:43:18.241+0000] {local_task_job_runner.py:266} INFO - Task exited with return code 0
[2026-02-16T15:43:18.258+0000] {taskinstance.py:3895} INFO - 1 downstream tasks scheduled from follow-on schedule check
[2026-02-16T15:43:18.261+0000] {local_task_job_runner.py:245} INFO - ::endgroup::
