[2026-02-16T14:45:27.430+0000] {manager.py:483} INFO - Processing files using up to 2 processes at a time 
[2026-02-16T14:45:27.432+0000] {manager.py:484} INFO - Process each file at most once every 30 seconds
[2026-02-16T14:45:27.436+0000] {manager.py:485} INFO - Checking for new files in /opt/airflow/dags every 300 seconds
[2026-02-16T14:45:27.438+0000] {manager.py:821} INFO - Searching for files in /opt/airflow/dags
[2026-02-16T14:45:27.458+0000] {manager.py:824} INFO - There are 0 files in /opt/airflow/dags
[2026-02-16T14:50:27.731+0000] {manager.py:821} INFO - Searching for files in /opt/airflow/dags
[2026-02-16T14:50:27.752+0000] {manager.py:824} INFO - There are 0 files in /opt/airflow/dags
[2026-02-16T14:55:28.013+0000] {manager.py:821} INFO - Searching for files in /opt/airflow/dags
[2026-02-16T14:55:28.033+0000] {manager.py:824} INFO - There are 0 files in /opt/airflow/dags
[2026-02-16T15:00:28.410+0000] {manager.py:821} INFO - Searching for files in /opt/airflow/dags
[2026-02-16T15:00:28.442+0000] {manager.py:824} INFO - There are 0 files in /opt/airflow/dags
[2026-02-16T15:05:28.836+0000] {manager.py:821} INFO - Searching for files in /opt/airflow/dags
[2026-02-16T15:05:28.937+0000] {manager.py:824} INFO - There are 0 files in /opt/airflow/dags
[2026-02-16T15:10:29.306+0000] {manager.py:821} INFO - Searching for files in /opt/airflow/dags
[2026-02-16T15:10:29.351+0000] {manager.py:824} INFO - There are 0 files in /opt/airflow/dags
[2026-02-16T15:15:29.829+0000] {manager.py:821} INFO - Searching for files in /opt/airflow/dags
[2026-02-16T15:15:29.849+0000] {manager.py:824} INFO - There are 0 files in /opt/airflow/dags
[2026-02-16T15:20:30.276+0000] {manager.py:821} INFO - Searching for files in /opt/airflow/dags
[2026-02-16T15:20:30.306+0000] {manager.py:824} INFO - There are 0 files in /opt/airflow/dags
[2026-02-16T15:25:30.828+0000] {manager.py:821} INFO - Searching for files in /opt/airflow/dags
[2026-02-16T15:25:30.872+0000] {manager.py:824} INFO - There are 0 files in /opt/airflow/dags
[2026-02-16T15:28:17.983+0000] {manager.py:465} INFO - Exiting gracefully upon receiving signal 15
[2026-02-16T15:28:25.250+0000] {manager.py:483} INFO - Processing files using up to 2 processes at a time 
[2026-02-16T15:28:25.252+0000] {manager.py:484} INFO - Process each file at most once every 30 seconds
[2026-02-16T15:28:25.254+0000] {manager.py:485} INFO - Checking for new files in /opt/airflow/dags every 300 seconds
[2026-02-16T15:28:25.255+0000] {manager.py:821} INFO - Searching for files in /opt/airflow/dags
[2026-02-16T15:28:25.330+0000] {manager.py:824} INFO - There are 1 files in /opt/airflow/dags
[2026-02-16T15:28:25.407+0000] {manager.py:997} INFO - 
================================================================================
DAG File Processing Stats

File Path                                    PID  Runtime      # DAGs    # Errors  Last Runtime    Last Run      Last # of DB Queries
-----------------------------------------  -----  ---------  --------  ----------  --------------  ----------  ----------------------
/opt/airflow/dags/weather_dbt_pipeline.py    163  0.02s             0           0                                                   0
================================================================================
[2026-02-16T15:28:55.706+0000] {manager.py:997} INFO - 
================================================================================
DAG File Processing Stats

File Path                                  PID    Runtime      # DAGs    # Errors  Last Runtime    Last Run               Last # of DB Queries
-----------------------------------------  -----  ---------  --------  ----------  --------------  -------------------  ----------------------
/opt/airflow/dags/weather_dbt_pipeline.py                           1           0  0.39s           2026-02-16T15:28:25                      43
================================================================================
[2026-02-16T15:29:26.438+0000] {manager.py:997} INFO - 
================================================================================
DAG File Processing Stats

File Path                                    PID  Runtime      # DAGs    # Errors  Last Runtime    Last Run               Last # of DB Queries
-----------------------------------------  -----  ---------  --------  ----------  --------------  -------------------  ----------------------
/opt/airflow/dags/weather_dbt_pipeline.py    173  0.00s             1           0  0.18s           2026-02-16T15:28:56                      10
================================================================================
[2026-02-16T15:29:56.919+0000] {manager.py:997} INFO - 
================================================================================
DAG File Processing Stats

File Path                                    PID  Runtime      # DAGs    # Errors  Last Runtime    Last Run               Last # of DB Queries
-----------------------------------------  -----  ---------  --------  ----------  --------------  -------------------  ----------------------
/opt/airflow/dags/weather_dbt_pipeline.py    186  0.00s             1           0  0.16s           2026-02-16T15:29:26                      10
================================================================================
[2026-02-16T15:30:27.275+0000] {manager.py:997} INFO - 
================================================================================
DAG File Processing Stats

File Path                                    PID  Runtime      # DAGs    # Errors  Last Runtime    Last Run               Last # of DB Queries
-----------------------------------------  -----  ---------  --------  ----------  --------------  -------------------  ----------------------
/opt/airflow/dags/weather_dbt_pipeline.py    191  0.00s             1           0  0.15s           2026-02-16T15:29:57                      10
================================================================================
[2026-02-16T15:30:57.734+0000] {manager.py:997} INFO - 
================================================================================
DAG File Processing Stats

File Path                                    PID  Runtime      # DAGs    # Errors  Last Runtime    Last Run               Last # of DB Queries
-----------------------------------------  -----  ---------  --------  ----------  --------------  -------------------  ----------------------
/opt/airflow/dags/weather_dbt_pipeline.py    196  0.00s             1           0  0.16s           2026-02-16T15:30:27                      10
================================================================================
[2026-02-16T15:31:28.081+0000] {manager.py:997} INFO - 
================================================================================
DAG File Processing Stats

File Path                                    PID  Runtime      # DAGs    # Errors  Last Runtime    Last Run               Last # of DB Queries
-----------------------------------------  -----  ---------  --------  ----------  --------------  -------------------  ----------------------
/opt/airflow/dags/weather_dbt_pipeline.py    201  0.00s             1           0  0.17s           2026-02-16T15:30:57                      10
================================================================================
[2026-02-16T15:31:29.889+0000] {manager.py:465} INFO - Exiting gracefully upon receiving signal 15
[2026-02-16T15:31:36.789+0000] {manager.py:483} INFO - Processing files using up to 2 processes at a time 
[2026-02-16T15:31:36.791+0000] {manager.py:484} INFO - Process each file at most once every 30 seconds
[2026-02-16T15:31:36.792+0000] {manager.py:485} INFO - Checking for new files in /opt/airflow/dags every 300 seconds
[2026-02-16T15:31:36.794+0000] {manager.py:821} INFO - Searching for files in /opt/airflow/dags
[2026-02-16T15:31:36.882+0000] {manager.py:824} INFO - There are 1 files in /opt/airflow/dags
[2026-02-16T15:31:36.956+0000] {manager.py:997} INFO - 
================================================================================
DAG File Processing Stats

File Path                                    PID  Runtime      # DAGs    # Errors  Last Runtime    Last Run      Last # of DB Queries
-----------------------------------------  -----  ---------  --------  ----------  --------------  ----------  ----------------------
/opt/airflow/dags/weather_dbt_pipeline.py    163  0.02s             0           0                                                   0
================================================================================
[2026-02-16T15:32:07.283+0000] {manager.py:997} INFO - 
================================================================================
DAG File Processing Stats

File Path                                    PID  Runtime      # DAGs    # Errors  Last Runtime    Last Run               Last # of DB Queries
-----------------------------------------  -----  ---------  --------  ----------  --------------  -------------------  ----------------------
/opt/airflow/dags/weather_dbt_pipeline.py    176  0.00s             1           0  0.15s           2026-02-16T15:31:37                      10
================================================================================
[2026-02-16T15:32:37.738+0000] {manager.py:997} INFO - 
================================================================================
DAG File Processing Stats

File Path                                    PID  Runtime      # DAGs    # Errors  Last Runtime    Last Run               Last # of DB Queries
-----------------------------------------  -----  ---------  --------  ----------  --------------  -------------------  ----------------------
/opt/airflow/dags/weather_dbt_pipeline.py    181  0.00s             1           0  0.14s           2026-02-16T15:32:07                      10
================================================================================
[2026-02-16T15:33:08.083+0000] {manager.py:997} INFO - 
================================================================================
DAG File Processing Stats

File Path                                    PID  Runtime      # DAGs    # Errors  Last Runtime    Last Run               Last # of DB Queries
-----------------------------------------  -----  ---------  --------  ----------  --------------  -------------------  ----------------------
/opt/airflow/dags/weather_dbt_pipeline.py    186  0.01s             1           0  0.17s           2026-02-16T15:32:37                      10
================================================================================
[2026-02-16T15:33:38.555+0000] {manager.py:997} INFO - 
================================================================================
DAG File Processing Stats

File Path                                    PID  Runtime      # DAGs    # Errors  Last Runtime    Last Run               Last # of DB Queries
-----------------------------------------  -----  ---------  --------  ----------  --------------  -------------------  ----------------------
/opt/airflow/dags/weather_dbt_pipeline.py    191  0.00s             1           0  0.16s           2026-02-16T15:33:08                      10
================================================================================
[2026-02-16T15:33:51.649+0000] {manager.py:465} INFO - Exiting gracefully upon receiving signal 15
[2026-02-16T15:33:58.537+0000] {manager.py:483} INFO - Processing files using up to 2 processes at a time 
[2026-02-16T15:33:58.539+0000] {manager.py:484} INFO - Process each file at most once every 30 seconds
[2026-02-16T15:33:58.541+0000] {manager.py:485} INFO - Checking for new files in /opt/airflow/dags every 300 seconds
[2026-02-16T15:33:58.542+0000] {manager.py:821} INFO - Searching for files in /opt/airflow/dags
[2026-02-16T15:33:58.662+0000] {manager.py:824} INFO - There are 1 files in /opt/airflow/dags
[2026-02-16T15:33:58.735+0000] {manager.py:997} INFO - 
================================================================================
DAG File Processing Stats

File Path                                    PID  Runtime      # DAGs    # Errors  Last Runtime    Last Run      Last # of DB Queries
-----------------------------------------  -----  ---------  --------  ----------  --------------  ----------  ----------------------
/opt/airflow/dags/weather_dbt_pipeline.py    162  0.02s             0           0                                                   0
================================================================================
[2026-02-16T15:34:29.069+0000] {manager.py:997} INFO - 
================================================================================
DAG File Processing Stats

File Path                                    PID  Runtime      # DAGs    # Errors  Last Runtime    Last Run               Last # of DB Queries
-----------------------------------------  -----  ---------  --------  ----------  --------------  -------------------  ----------------------
/opt/airflow/dags/weather_dbt_pipeline.py    175  0.00s             1           0  0.17s           2026-02-16T15:33:58                      10
================================================================================
[2026-02-16T15:34:59.402+0000] {manager.py:997} INFO - 
================================================================================
DAG File Processing Stats

File Path                                    PID  Runtime      # DAGs    # Errors  Last Runtime    Last Run               Last # of DB Queries
-----------------------------------------  -----  ---------  --------  ----------  --------------  -------------------  ----------------------
/opt/airflow/dags/weather_dbt_pipeline.py    180  0.00s             1           0  0.11s           2026-02-16T15:34:29                      10
================================================================================
[2026-02-16T15:35:29.795+0000] {manager.py:997} INFO - 
================================================================================
DAG File Processing Stats

File Path                                    PID  Runtime      # DAGs    # Errors  Last Runtime    Last Run               Last # of DB Queries
-----------------------------------------  -----  ---------  --------  ----------  --------------  -------------------  ----------------------
/opt/airflow/dags/weather_dbt_pipeline.py    185  0.00s             1           0  0.17s           2026-02-16T15:34:59                      10
================================================================================
[2026-02-16T15:36:00.200+0000] {manager.py:997} INFO - 
================================================================================
DAG File Processing Stats

File Path                                    PID  Runtime      # DAGs    # Errors  Last Runtime    Last Run               Last # of DB Queries
-----------------------------------------  -----  ---------  --------  ----------  --------------  -------------------  ----------------------
/opt/airflow/dags/weather_dbt_pipeline.py    190  0.00s             1           0  0.15s           2026-02-16T15:35:29                      10
================================================================================
[2026-02-16T15:36:30.567+0000] {manager.py:997} INFO - 
================================================================================
DAG File Processing Stats

File Path                                    PID  Runtime      # DAGs    # Errors  Last Runtime    Last Run               Last # of DB Queries
-----------------------------------------  -----  ---------  --------  ----------  --------------  -------------------  ----------------------
/opt/airflow/dags/weather_dbt_pipeline.py    195  0.00s             1           0  0.16s           2026-02-16T15:36:00                      10
================================================================================
[2026-02-16T15:37:01.001+0000] {manager.py:997} INFO - 
================================================================================
DAG File Processing Stats

File Path                                    PID  Runtime      # DAGs    # Errors  Last Runtime    Last Run               Last # of DB Queries
-----------------------------------------  -----  ---------  --------  ----------  --------------  -------------------  ----------------------
/opt/airflow/dags/weather_dbt_pipeline.py    200  0.00s             1           0  0.17s           2026-02-16T15:36:30                      10
================================================================================
[2026-02-16T15:37:11.805+0000] {manager.py:483} INFO - Processing files using up to 2 processes at a time 
[2026-02-16T15:37:11.807+0000] {manager.py:484} INFO - Process each file at most once every 30 seconds
[2026-02-16T15:37:11.809+0000] {manager.py:485} INFO - Checking for new files in /opt/airflow/dags every 300 seconds
[2026-02-16T15:37:11.811+0000] {manager.py:821} INFO - Searching for files in /opt/airflow/dags
[2026-02-16T15:37:11.897+0000] {manager.py:824} INFO - There are 1 files in /opt/airflow/dags
[2026-02-16T15:37:11.984+0000] {manager.py:997} INFO - 
================================================================================
DAG File Processing Stats

File Path                                    PID  Runtime      # DAGs    # Errors  Last Runtime    Last Run      Last # of DB Queries
-----------------------------------------  -----  ---------  --------  ----------  --------------  ----------  ----------------------
/opt/airflow/dags/weather_dbt_pipeline.py    163  0.03s             0           0                                                   0
================================================================================
[2026-02-16T15:37:42.313+0000] {manager.py:997} INFO - 
================================================================================
DAG File Processing Stats

File Path                                    PID  Runtime      # DAGs    # Errors  Last Runtime    Last Run               Last # of DB Queries
-----------------------------------------  -----  ---------  --------  ----------  --------------  -------------------  ----------------------
/opt/airflow/dags/weather_dbt_pipeline.py    181  0.00s             1           0  0.18s           2026-02-16T15:37:12                      10
================================================================================
[2026-02-16T15:38:12.786+0000] {manager.py:997} INFO - 
================================================================================
DAG File Processing Stats

File Path                                    PID  Runtime      # DAGs    # Errors  Last Runtime    Last Run               Last # of DB Queries
-----------------------------------------  -----  ---------  --------  ----------  --------------  -------------------  ----------------------
/opt/airflow/dags/weather_dbt_pipeline.py    186  0.00s             1           0  0.20s           2026-02-16T15:37:42                      10
================================================================================
[2026-02-16T15:38:43.149+0000] {manager.py:997} INFO - 
================================================================================
DAG File Processing Stats

File Path                                    PID  Runtime      # DAGs    # Errors  Last Runtime    Last Run               Last # of DB Queries
-----------------------------------------  -----  ---------  --------  ----------  --------------  -------------------  ----------------------
/opt/airflow/dags/weather_dbt_pipeline.py    191  0.00s             1           0  0.17s           2026-02-16T15:38:12                      10
================================================================================
[2026-02-16T15:39:13.586+0000] {manager.py:997} INFO - 
================================================================================
DAG File Processing Stats

File Path                                    PID  Runtime      # DAGs    # Errors  Last Runtime    Last Run               Last # of DB Queries
-----------------------------------------  -----  ---------  --------  ----------  --------------  -------------------  ----------------------
/opt/airflow/dags/weather_dbt_pipeline.py    196  0.00s             1           0  0.14s           2026-02-16T15:38:43                      10
================================================================================
[2026-02-16T15:39:43.925+0000] {manager.py:997} INFO - 
================================================================================
DAG File Processing Stats

File Path                                    PID  Runtime      # DAGs    # Errors  Last Runtime    Last Run               Last # of DB Queries
-----------------------------------------  -----  ---------  --------  ----------  --------------  -------------------  ----------------------
/opt/airflow/dags/weather_dbt_pipeline.py    201  0.00s             1           0  0.14s           2026-02-16T15:39:13                      10
================================================================================
[2026-02-16T15:40:14.364+0000] {manager.py:997} INFO - 
================================================================================
DAG File Processing Stats

File Path                                    PID  Runtime      # DAGs    # Errors  Last Runtime    Last Run               Last # of DB Queries
-----------------------------------------  -----  ---------  --------  ----------  --------------  -------------------  ----------------------
/opt/airflow/dags/weather_dbt_pipeline.py    206  0.00s             1           0  0.16s           2026-02-16T15:39:44                      10
================================================================================
[2026-02-16T15:40:44.713+0000] {manager.py:997} INFO - 
================================================================================
DAG File Processing Stats

File Path                                    PID  Runtime      # DAGs    # Errors  Last Runtime    Last Run               Last # of DB Queries
-----------------------------------------  -----  ---------  --------  ----------  --------------  -------------------  ----------------------
/opt/airflow/dags/weather_dbt_pipeline.py    211  0.00s             1           0  0.15s           2026-02-16T15:40:14                      10
================================================================================
[2026-02-16T15:42:24.517+0000] {manager.py:483} INFO - Processing files using up to 2 processes at a time 
[2026-02-16T15:42:24.519+0000] {manager.py:484} INFO - Process each file at most once every 30 seconds
[2026-02-16T15:42:24.520+0000] {manager.py:485} INFO - Checking for new files in /opt/airflow/dags every 300 seconds
[2026-02-16T15:42:24.522+0000] {manager.py:821} INFO - Searching for files in /opt/airflow/dags
[2026-02-16T15:42:24.626+0000] {manager.py:824} INFO - There are 1 files in /opt/airflow/dags
[2026-02-16T15:42:24.707+0000] {manager.py:997} INFO - 
================================================================================
DAG File Processing Stats

File Path                                    PID  Runtime      # DAGs    # Errors  Last Runtime    Last Run      Last # of DB Queries
-----------------------------------------  -----  ---------  --------  ----------  --------------  ----------  ----------------------
/opt/airflow/dags/weather_dbt_pipeline.py    163  0.02s             0           0                                                   0
================================================================================
[2026-02-16T15:42:55.032+0000] {manager.py:997} INFO - 
================================================================================
DAG File Processing Stats

File Path                                    PID  Runtime      # DAGs    # Errors  Last Runtime    Last Run               Last # of DB Queries
-----------------------------------------  -----  ---------  --------  ----------  --------------  -------------------  ----------------------
/opt/airflow/dags/weather_dbt_pipeline.py    174  0.00s             1           0  0.32s           2026-02-16T15:42:25                      43
================================================================================
[2026-02-16T15:43:25.371+0000] {manager.py:997} INFO - 
================================================================================
DAG File Processing Stats

File Path                                    PID  Runtime      # DAGs    # Errors  Last Runtime    Last Run               Last # of DB Queries
-----------------------------------------  -----  ---------  --------  ----------  --------------  -------------------  ----------------------
/opt/airflow/dags/weather_dbt_pipeline.py    221  0.00s             1           0  0.17s           2026-02-16T15:42:55                      10
================================================================================
[2026-02-16T15:43:55.845+0000] {manager.py:997} INFO - 
================================================================================
DAG File Processing Stats

File Path                                    PID  Runtime      # DAGs    # Errors  Last Runtime    Last Run               Last # of DB Queries
-----------------------------------------  -----  ---------  --------  ----------  --------------  -------------------  ----------------------
/opt/airflow/dags/weather_dbt_pipeline.py    234  0.00s             1           0  0.14s           2026-02-16T15:43:25                      10
================================================================================
[2026-02-16T15:44:26.192+0000] {manager.py:997} INFO - 
================================================================================
DAG File Processing Stats

File Path                                    PID  Runtime      # DAGs    # Errors  Last Runtime    Last Run               Last # of DB Queries
-----------------------------------------  -----  ---------  --------  ----------  --------------  -------------------  ----------------------
/opt/airflow/dags/weather_dbt_pipeline.py    239  0.01s             1           0  0.15s           2026-02-16T15:43:55                      10
================================================================================
[2026-02-16T15:44:56.638+0000] {manager.py:997} INFO - 
================================================================================
DAG File Processing Stats

File Path                                    PID  Runtime      # DAGs    # Errors  Last Runtime    Last Run               Last # of DB Queries
-----------------------------------------  -----  ---------  --------  ----------  --------------  -------------------  ----------------------
/opt/airflow/dags/weather_dbt_pipeline.py    244  0.00s             1           0  0.16s           2026-02-16T15:44:26                      10
================================================================================
[2026-02-16T15:45:26.993+0000] {manager.py:997} INFO - 
================================================================================
DAG File Processing Stats

File Path                                    PID  Runtime      # DAGs    # Errors  Last Runtime    Last Run               Last # of DB Queries
-----------------------------------------  -----  ---------  --------  ----------  --------------  -------------------  ----------------------
/opt/airflow/dags/weather_dbt_pipeline.py    249  0.00s             1           0  0.15s           2026-02-16T15:44:56                      10
================================================================================
[2026-02-16T15:45:57.420+0000] {manager.py:997} INFO - 
================================================================================
DAG File Processing Stats

File Path                                    PID  Runtime      # DAGs    # Errors  Last Runtime    Last Run               Last # of DB Queries
-----------------------------------------  -----  ---------  --------  ----------  --------------  -------------------  ----------------------
/opt/airflow/dags/weather_dbt_pipeline.py    254  0.00s             1           0  0.16s           2026-02-16T15:45:27                      10
================================================================================
[2026-02-16T15:46:27.812+0000] {manager.py:997} INFO - 
================================================================================
DAG File Processing Stats

File Path                                    PID  Runtime      # DAGs    # Errors  Last Runtime    Last Run               Last # of DB Queries
-----------------------------------------  -----  ---------  --------  ----------  --------------  -------------------  ----------------------
/opt/airflow/dags/weather_dbt_pipeline.py    259  0.00s             1           0  0.18s           2026-02-16T15:45:57                      10
================================================================================
[2026-02-16T15:46:58.257+0000] {manager.py:997} INFO - 
================================================================================
DAG File Processing Stats

File Path                                    PID  Runtime      # DAGs    # Errors  Last Runtime    Last Run               Last # of DB Queries
-----------------------------------------  -----  ---------  --------  ----------  --------------  -------------------  ----------------------
/opt/airflow/dags/weather_dbt_pipeline.py    264  0.00s             1           0  0.17s           2026-02-16T15:46:27                      10
================================================================================
[2026-02-16T15:47:24.609+0000] {manager.py:821} INFO - Searching for files in /opt/airflow/dags
[2026-02-16T15:47:24.680+0000] {manager.py:824} INFO - There are 1 files in /opt/airflow/dags
[2026-02-16T15:47:28.731+0000] {manager.py:997} INFO - 
================================================================================
DAG File Processing Stats

File Path                                    PID  Runtime      # DAGs    # Errors  Last Runtime    Last Run               Last # of DB Queries
-----------------------------------------  -----  ---------  --------  ----------  --------------  -------------------  ----------------------
/opt/airflow/dags/weather_dbt_pipeline.py    269  0.00s             1           0  0.16s           2026-02-16T15:46:58                      10
================================================================================
[2026-02-16T15:47:59.077+0000] {manager.py:997} INFO - 
================================================================================
DAG File Processing Stats

File Path                                    PID  Runtime      # DAGs    # Errors  Last Runtime    Last Run               Last # of DB Queries
-----------------------------------------  -----  ---------  --------  ----------  --------------  -------------------  ----------------------
/opt/airflow/dags/weather_dbt_pipeline.py    274  0.00s             1           0  0.17s           2026-02-16T15:47:28                      10
================================================================================
[2026-02-16T15:48:29.588+0000] {manager.py:997} INFO - 
================================================================================
DAG File Processing Stats

File Path                                    PID  Runtime      # DAGs    # Errors  Last Runtime    Last Run               Last # of DB Queries
-----------------------------------------  -----  ---------  --------  ----------  --------------  -------------------  ----------------------
/opt/airflow/dags/weather_dbt_pipeline.py    279  0.00s             1           0  0.15s           2026-02-16T15:47:59                      10
================================================================================
[2026-02-16T15:48:59.959+0000] {manager.py:997} INFO - 
================================================================================
DAG File Processing Stats

File Path                                    PID  Runtime      # DAGs    # Errors  Last Runtime    Last Run               Last # of DB Queries
-----------------------------------------  -----  ---------  --------  ----------  --------------  -------------------  ----------------------
/opt/airflow/dags/weather_dbt_pipeline.py    284  0.00s             1           0  0.15s           2026-02-16T15:48:29                      10
================================================================================
[2026-02-16T15:49:30.535+0000] {manager.py:997} INFO - 
================================================================================
DAG File Processing Stats

File Path                                    PID  Runtime      # DAGs    # Errors  Last Runtime    Last Run               Last # of DB Queries
-----------------------------------------  -----  ---------  --------  ----------  --------------  -------------------  ----------------------
/opt/airflow/dags/weather_dbt_pipeline.py    289  0.00s             1           0  0.27s           2026-02-16T15:49:00                      10
================================================================================
[2026-02-16T15:50:00.900+0000] {manager.py:997} INFO - 
================================================================================
DAG File Processing Stats

File Path                                    PID  Runtime      # DAGs    # Errors  Last Runtime    Last Run               Last # of DB Queries
-----------------------------------------  -----  ---------  --------  ----------  --------------  -------------------  ----------------------
/opt/airflow/dags/weather_dbt_pipeline.py    294  0.00s             1           0  0.13s           2026-02-16T15:49:30                      10
================================================================================
[2026-02-16T15:50:31.342+0000] {manager.py:997} INFO - 
================================================================================
DAG File Processing Stats

File Path                                    PID  Runtime      # DAGs    # Errors  Last Runtime    Last Run               Last # of DB Queries
-----------------------------------------  -----  ---------  --------  ----------  --------------  -------------------  ----------------------
/opt/airflow/dags/weather_dbt_pipeline.py    299  0.00s             1           0  0.10s           2026-02-16T15:50:00                      10
================================================================================
[2026-02-16T15:51:01.685+0000] {manager.py:997} INFO - 
================================================================================
DAG File Processing Stats

File Path                                    PID  Runtime      # DAGs    # Errors  Last Runtime    Last Run               Last # of DB Queries
-----------------------------------------  -----  ---------  --------  ----------  --------------  -------------------  ----------------------
/opt/airflow/dags/weather_dbt_pipeline.py    304  0.00s             1           0  0.19s           2026-02-16T15:50:31                      10
================================================================================
[2026-02-16T15:51:32.038+0000] {manager.py:997} INFO - 
================================================================================
DAG File Processing Stats

File Path                                    PID  Runtime      # DAGs    # Errors  Last Runtime    Last Run               Last # of DB Queries
-----------------------------------------  -----  ---------  --------  ----------  --------------  -------------------  ----------------------
/opt/airflow/dags/weather_dbt_pipeline.py    309  0.00s             1           0  0.15s           2026-02-16T15:51:01                      10
================================================================================
[2026-02-16T15:52:02.513+0000] {manager.py:997} INFO - 
================================================================================
DAG File Processing Stats

File Path                                    PID  Runtime      # DAGs    # Errors  Last Runtime    Last Run               Last # of DB Queries
-----------------------------------------  -----  ---------  --------  ----------  --------------  -------------------  ----------------------
/opt/airflow/dags/weather_dbt_pipeline.py    314  0.00s             1           0  0.17s           2026-02-16T15:51:32                      10
================================================================================
[2026-02-16T15:52:24.667+0000] {manager.py:821} INFO - Searching for files in /opt/airflow/dags
[2026-02-16T15:52:24.776+0000] {manager.py:824} INFO - There are 1 files in /opt/airflow/dags
[2026-02-16T15:52:32.992+0000] {manager.py:997} INFO - 
================================================================================
DAG File Processing Stats

File Path                                    PID  Runtime      # DAGs    # Errors  Last Runtime    Last Run               Last # of DB Queries
-----------------------------------------  -----  ---------  --------  ----------  --------------  -------------------  ----------------------
/opt/airflow/dags/weather_dbt_pipeline.py    319  0.00s             1           0  0.13s           2026-02-16T15:52:02                      10
================================================================================
[2026-02-16T15:53:03.347+0000] {manager.py:997} INFO - 
================================================================================
DAG File Processing Stats

File Path                                    PID  Runtime      # DAGs    # Errors  Last Runtime    Last Run               Last # of DB Queries
-----------------------------------------  -----  ---------  --------  ----------  --------------  -------------------  ----------------------
/opt/airflow/dags/weather_dbt_pipeline.py    324  0.00s             1           0  0.15s           2026-02-16T15:52:33                      10
================================================================================
[2026-02-16T15:53:33.809+0000] {manager.py:997} INFO - 
================================================================================
DAG File Processing Stats

File Path                                    PID  Runtime      # DAGs    # Errors  Last Runtime    Last Run               Last # of DB Queries
-----------------------------------------  -----  ---------  --------  ----------  --------------  -------------------  ----------------------
/opt/airflow/dags/weather_dbt_pipeline.py    329  0.00s             1           0  0.18s           2026-02-16T15:53:03                      10
================================================================================
[2026-02-16T15:54:04.218+0000] {manager.py:997} INFO - 
================================================================================
DAG File Processing Stats

File Path                                    PID  Runtime      # DAGs    # Errors  Last Runtime    Last Run               Last # of DB Queries
-----------------------------------------  -----  ---------  --------  ----------  --------------  -------------------  ----------------------
/opt/airflow/dags/weather_dbt_pipeline.py    334  0.00s             1           0  0.16s           2026-02-16T15:53:33                      10
================================================================================
[2026-02-16T15:54:34.679+0000] {manager.py:997} INFO - 
================================================================================
DAG File Processing Stats

File Path                                    PID  Runtime      # DAGs    # Errors  Last Runtime    Last Run               Last # of DB Queries
-----------------------------------------  -----  ---------  --------  ----------  --------------  -------------------  ----------------------
/opt/airflow/dags/weather_dbt_pipeline.py    339  0.00s             1           0  0.15s           2026-02-16T15:54:04                      10
================================================================================
[2026-02-16T15:55:04.996+0000] {manager.py:997} INFO - 
================================================================================
DAG File Processing Stats

File Path                                    PID  Runtime      # DAGs    # Errors  Last Runtime    Last Run               Last # of DB Queries
-----------------------------------------  -----  ---------  --------  ----------  --------------  -------------------  ----------------------
/opt/airflow/dags/weather_dbt_pipeline.py    344  0.00s             1           0  0.21s           2026-02-16T15:54:34                      10
================================================================================
[2026-02-16T15:55:23.703+0000] {manager.py:465} INFO - Exiting gracefully upon receiving signal 15
