[2026-02-16T15:43:24.316+0000] {local_task_job_runner.py:123} INFO - ::group::Pre task execution logs
[2026-02-16T15:43:24.333+0000] {taskinstance.py:2613} INFO - Dependencies all met for dep_context=non-requeueable deps ti=<TaskInstance: weather_dbt_pipeline.dbt_docs_generate manual__2026-02-16T15:43:07.955267+00:00 [queued]>
[2026-02-16T15:43:24.340+0000] {taskinstance.py:2613} INFO - Dependencies all met for dep_context=requeueable deps ti=<TaskInstance: weather_dbt_pipeline.dbt_docs_generate manual__2026-02-16T15:43:07.955267+00:00 [queued]>
[2026-02-16T15:43:24.343+0000] {taskinstance.py:2866} INFO - Starting attempt 1 of 1
[2026-02-16T15:43:24.354+0000] {taskinstance.py:2889} INFO - Executing <Task(BashOperator): dbt_docs_generate> on 2026-02-16 15:43:07.955267+00:00
[2026-02-16T15:43:24.359+0000] {standard_task_runner.py:72} INFO - Started process 217 to run task
[2026-02-16T15:43:24.362+0000] {standard_task_runner.py:104} INFO - Running: ['***', 'tasks', 'run', 'weather_dbt_pipeline', 'dbt_docs_generate', 'manual__2026-02-16T15:43:07.955267+00:00', '--job-id', '6', '--raw', '--subdir', 'DAGS_FOLDER/weather_dbt_pipeline.py', '--cfg-path', '/tmp/tmp_ehfq1lb']
[2026-02-16T15:43:24.365+0000] {standard_task_runner.py:105} INFO - Job 6: Subtask dbt_docs_generate
[2026-02-16T15:43:24.432+0000] {task_command.py:467} INFO - Running <TaskInstance: weather_dbt_pipeline.dbt_docs_generate manual__2026-02-16T15:43:07.955267+00:00 [running]> on host 17829c02b908
[2026-02-16T15:43:24.496+0000] {taskinstance.py:3132} INFO - Exporting env vars: AIRFLOW_CTX_DAG_OWNER='***' AIRFLOW_CTX_DAG_ID='weather_dbt_pipeline' AIRFLOW_CTX_TASK_ID='dbt_docs_generate' AIRFLOW_CTX_EXECUTION_DATE='2026-02-16T15:43:07.955267+00:00' AIRFLOW_CTX_TRY_NUMBER='1' AIRFLOW_CTX_DAG_RUN_ID='manual__2026-02-16T15:43:07.955267+00:00'
[2026-02-16T15:43:24.498+0000] {taskinstance.py:731} INFO - ::endgroup::
[2026-02-16T15:43:24.508+0000] {subprocess.py:78} INFO - Tmp dir root location: /tmp
[2026-02-16T15:43:24.510+0000] {subprocess.py:88} INFO - Running command: ['/usr/bin/bash', '-c', '\n        cd $DBT_PROJECT_DIR &&         dbt docs generate --profiles-dir $DBT_PROFILES_DIR\n        ']
[2026-02-16T15:43:24.519+0000] {subprocess.py:99} INFO - Output:
[2026-02-16T15:43:26.046+0000] {subprocess.py:106} INFO - [0m15:43:26  Running with dbt=1.10.7
[2026-02-16T15:43:26.239+0000] {subprocess.py:106} INFO - [0m15:43:26  Registered adapter: postgres=1.9.0
[2026-02-16T15:43:26.757+0000] {subprocess.py:106} INFO - [0m15:43:26  Found 4 models, 2 data tests, 1 source, 435 macros
[2026-02-16T15:43:26.763+0000] {subprocess.py:106} INFO - [0m15:43:26
[2026-02-16T15:43:26.765+0000] {subprocess.py:106} INFO - [0m15:43:26  Concurrency: 1 threads (target='dev')
[2026-02-16T15:43:26.766+0000] {subprocess.py:106} INFO - [0m15:43:26
[2026-02-16T15:43:27.284+0000] {subprocess.py:106} INFO - [0m15:43:27  Building catalog
[2026-02-16T15:43:27.386+0000] {subprocess.py:106} INFO - [0m15:43:27  Catalog written to /opt/***/dbt/weather_dbt/target/catalog.json
[2026-02-16T15:43:29.106+0000] {subprocess.py:110} INFO - Command exited with return code 0
[2026-02-16T15:43:29.128+0000] {taskinstance.py:340} INFO - ::group::Post task execution logs
[2026-02-16T15:43:29.130+0000] {taskinstance.py:352} INFO - Marking task as SUCCESS. dag_id=weather_dbt_pipeline, task_id=dbt_docs_generate, run_id=manual__2026-02-16T15:43:07.955267+00:00, execution_date=20260216T154307, start_date=20260216T154324, end_date=20260216T154329
[2026-02-16T15:43:29.164+0000] {local_task_job_runner.py:266} INFO - Task exited with return code 0
[2026-02-16T15:43:29.181+0000] {taskinstance.py:3895} INFO - 0 downstream tasks scheduled from follow-on schedule check
[2026-02-16T15:43:29.184+0000] {local_task_job_runner.py:245} INFO - ::endgroup::
